// Jest Snapshot v1, https://goo.gl/fbAQLP

exports[`User detail it should match 1`] = `
<React.Fragment>
  <ForwardRef(WithStyles)
    container={true}
    spacing={1}
  >
    <ForwardRef(WithStyles)
      item={true}
      xs={12}
    >
      <ForwardRef(WithStyles)
        component="div"
        gutterBottom={true}
        variant="h6"
      >
        Další údaje
      </ForwardRef(WithStyles)>
    </ForwardRef(WithStyles)>
    <Hidden
      smUp={true}
    >
      <React.Fragment>
        <ForwardRef(WithStyles)
          item={true}
          sm={3}
          xs={6}
        >
          Uživatelské jméno
          :
        </ForwardRef(WithStyles)>
        <ForwardRef(WithStyles)
          item={true}
          sm={3}
          xs={6}
        >
          Kuticzech
        </ForwardRef(WithStyles)>
      </React.Fragment>
    </Hidden>
    <React.Fragment>
      <ForwardRef(WithStyles)
        item={true}
        sm={3}
        xs={6}
      >
        E-mail
        :
      </ForwardRef(WithStyles)>
      <ForwardRef(WithStyles)
        item={true}
        sm={3}
        xs={6}
      >
        jan.kuta@email.cz
      </ForwardRef(WithStyles)>
    </React.Fragment>
    <React.Fragment>
      <ForwardRef(WithStyles)
        item={true}
        sm={3}
        xs={6}
      >
        Telefonní číslo
        :
      </ForwardRef(WithStyles)>
      <ForwardRef(WithStyles)
        item={true}
        sm={3}
        xs={6}
      >
        +420 775 246 369
      </ForwardRef(WithStyles)>
    </React.Fragment>
    <React.Fragment>
      <ForwardRef(WithStyles)
        item={true}
        xs={12}
      >
        <ForwardRef(WithStyles)
          variant="h6"
        >
          Address
        </ForwardRef(WithStyles)>
      </ForwardRef(WithStyles)>
      <React.Fragment>
        <ForwardRef(WithStyles)
          item={true}
          sm={3}
          xs={6}
        >
          Ulice
          :
        </ForwardRef(WithStyles)>
        <ForwardRef(WithStyles)
          item={true}
          sm={3}
          xs={6}
        >
          Žežická 39
        </ForwardRef(WithStyles)>
      </React.Fragment>
      <React.Fragment>
        <ForwardRef(WithStyles)
          item={true}
          sm={3}
          xs={6}
        >
          Město
          :
        </ForwardRef(WithStyles)>
        <ForwardRef(WithStyles)
          item={true}
          sm={3}
          xs={6}
        >
          Ústí nad Labem
        </ForwardRef(WithStyles)>
      </React.Fragment>
      <React.Fragment>
        <ForwardRef(WithStyles)
          item={true}
          sm={3}
          xs={6}
        >
          Směrovací číslo
          :
        </ForwardRef(WithStyles)>
        <ForwardRef(WithStyles)
          item={true}
          sm={3}
          xs={6}
        >
          400 07
        </ForwardRef(WithStyles)>
      </React.Fragment>
    </React.Fragment>
    <React.Fragment>
      <ForwardRef(WithStyles)
        item={true}
        xs={12}
      >
        <ForwardRef(WithStyles)
          variant="h6"
        >
          Kontaktní adresa
        </ForwardRef(WithStyles)>
      </ForwardRef(WithStyles)>
      <React.Fragment>
        <ForwardRef(WithStyles)
          item={true}
          sm={3}
          xs={6}
        >
          Ulice
          :
        </ForwardRef(WithStyles)>
        <ForwardRef(WithStyles)
          item={true}
          sm={3}
          xs={6}
        >
          Kollárova 964
        </ForwardRef(WithStyles)>
      </React.Fragment>
      <React.Fragment>
        <ForwardRef(WithStyles)
          item={true}
          sm={3}
          xs={6}
        >
          Město
          :
        </ForwardRef(WithStyles)>
        <ForwardRef(WithStyles)
          item={true}
          sm={3}
          xs={6}
        >
          Nejdek
        </ForwardRef(WithStyles)>
      </React.Fragment>
      <React.Fragment>
        <ForwardRef(WithStyles)
          item={true}
          sm={3}
          xs={6}
        >
          Směrovací číslo
          :
        </ForwardRef(WithStyles)>
        <ForwardRef(WithStyles)
          item={true}
          sm={3}
          xs={6}
        >
          362 21
        </ForwardRef(WithStyles)>
      </React.Fragment>
    </React.Fragment>
  </ForwardRef(WithStyles)>
</React.Fragment>
`;
